Compiled jquery.js  (2ms)  (pid 10063)
Compiled jquery_ujs.js  (0ms)  (pid 10063)
Compiled home.js  (0ms)  (pid 10063)
Compiled application.js  (57ms)  (pid 10063)
Compiled home.css  (0ms)  (pid 10063)
Compiled application.css  (26ms)  (pid 10063)
Compiled jquery.js  (3ms)  (pid 10063)
Compiled jquery_ujs.js  (0ms)  (pid 10063)
Compiled home.js  (0ms)  (pid 10063)
Compiled application.js  (36ms)  (pid 10063)
Compiled home.css  (0ms)  (pid 10063)
Compiled application.css  (9ms)  (pid 10063)
Compiled jquery.js  (3ms)  (pid 594)
Compiled jquery_ujs.js  (0ms)  (pid 594)
Compiled home.js  (0ms)  (pid 594)
Compiled application.js  (69ms)  (pid 594)
Compiled home.css  (0ms)  (pid 594)
Compiled application.css  (9ms)  (pid 594)
Compiled jquery.js  (4ms)  (pid 594)
Compiled jquery_ujs.js  (0ms)  (pid 594)
Compiled home.js  (0ms)  (pid 594)
Compiled application.js  (41ms)  (pid 594)
Compiled home.css  (0ms)  (pid 594)
Compiled application.css  (10ms)  (pid 594)
